"blank"			"=========================="
"blank"			"#Valve_Movement_Title"
"blank"			"=========================="
"+forward"				"#Valve_Move_Forward"
"+back"					"#Valve_Move_Back"
"+moveleft"				"#Valve_Move_Left"
"+moveright"				"#Valve_Move_Right"
"+speed"             			"#Valve_Sprint"
"+walk"             			"#Valve_Walk"
"+jump"					"#Valve_Jump"
"+duck"					"#Valve_Duck"
"toggle_duck"				"#Valve_DuckToggle"

"blank"			"=========================="
"blank"			"#Valve_Combat_Title"
"blank"			"=========================="
"+attack"				"#Valve_Primary_Attack"
"+attack2"				"#Valve_Secondary_Attack"
"+reload"				"#Valve_Reload_Weapon"
"ironsight_toggle"			"#Toggle_Ironsight"
"firemode_toggle"			"#Toggle_Firemode"
"silencer_toggle"			"#Toggle_Silencer"
"throw_nade"				"#Grenade"
"uh_jake_kick"				"#Kick"
"+zoom"					"#Focus"
"blank"			"=========================="
"blank"			"#Inventory"
"blank"			"=========================="
"cl_inventoryToggle"			"#Inventory"
"+use"					"#Valve_Use_Items"
"impulse 100"				"#Valve_Flashlight"
"nightvision_toggle"			"#NightVision"
"GasMask_Toggle"			"#Toggle_GasMask"
"dropweapon"				"#Drop_Weapon"
"slot1"					"#Valve_Weapon_Category_1"
"slot2"					"#Valve_Weapon_Category_2"
"slot3" 				"#Valve_Weapon_Category_3"
"slot4"					"#Valve_Weapon_Category_4"
"slot5"					"#Valve_Weapon_Category_5"
"slot6"					"#Valve_Weapon_Category_6"
"invnext"				"#Valve_Next_Weapon"
"invprev"				"#Valve_Previous_Weapon"
"lastinv"				"#Valve_Last_Weapon_Used"
"blank"			"=========================="
"blank"			"#Valve_Communication_Title"
"blank"			"=========================="
"DispObj"				"#Display_Ojbective"
"GiveSign"				"#Give_Signal"
"impulse 50"				"#Valve_Commander_Mode"
"blank"			"=========================="
"blank"			"#Valve_Miscellaneous_Title"
"blank"			"=========================="
"SkipScene"				"#SkipScene"
"jpeg"					"#Valve_Take_Screen_Shot"
"+left"					"#Valve_Turn_Left"
"+right"				"#Valve_Turn_Right"
"+moveup"				"#Valve_Swim_Up"
"+movedown"				"#Valve_Swim_Down"
"+lookup"				"#Valve_Look_Up"
"+lookdown"				"#Valve_Look_Down"
"+strafe"				"#Valve_Strafe_Modifier"
"+klook"				"#Valve_Keyboard_Look_Modifier"

